{"log":
 [{"message":
   ".> LEAN_PATH=././.lake/packages/batteries/.lake/build/lib:././.lake/packages/Qq/.lake/build/lib:././.lake/packages/aesop/.lake/build/lib:././.lake/packages/proofwidgets/.lake/build/lib:././.lake/packages/Cli/.lake/build/lib:././.lake/packages/importGraph/.lake/build/lib:././.lake/packages/LeanSearchClient/.lake/build/lib:././.lake/packages/mathlib/.lake/build/lib:././.lake/build/lib LD_LIBRARY_PATH= /home/runner/.elan/toolchains/leanprover--lean4---v4.12.0/bin/lean -Dpp.unicode.fun=true -DautoImplicit=false -Dweak.linter.docPrime=true -Dweak.linter.hashCommand=true -Dweak.linter.oldObtain=true -Dweak.linter.refine=true -Dweak.linter.style.cdot=true -Dweak.linter.style.dollarSyntax=true -Dweak.linter.style.lambdaSyntax=true -Dweak.linter.style.longLine=true -Dweak.linter.style.longFile=1500 -Dweak.linter.style.missingEnd=true -Dweak.linter.style.setOption=true ././.lake/packages/mathlib/././Mathlib/Data/Nat/Prime/Defs.lean -R ././.lake/packages/mathlib/./. -o ././.lake/packages/mathlib/.lake/build/lib/Mathlib/Data/Nat/Prime/Defs.olean -i ././.lake/packages/mathlib/.lake/build/lib/Mathlib/Data/Nat/Prime/Defs.ilean -c ././.lake/packages/mathlib/.lake/build/ir/Mathlib/Data/Nat/Prime/Defs.c --json",
   "level": "trace"},
  {"message":
   "././.lake/packages/mathlib/././Mathlib/Data/Nat/Prime/Defs.lean:63:9: `Nat.Prime.one_lt'` is missing a doc-string, please add one.\nDeclarations whose name ends with a `'` are expected to contain an explanation for the presence of a `'` in their doc-string. This may consist of discussion of the difference relative to the unprimed version, or an explanation as to why no better naming scheme is possible.\nnote: this linter can be disabled with `set_option linter.docPrime false`",
   "level": "warning"},
  {"message":
   "././.lake/packages/mathlib/././Mathlib/Data/Nat/Prime/Defs.lean:78:8: `Nat.prime_def_lt''` is missing a doc-string, please add one.\nDeclarations whose name ends with a `'` are expected to contain an explanation for the presence of a `'` in their doc-string. This may consist of discussion of the difference relative to the unprimed version, or an explanation as to why no better naming scheme is possible.\nnote: this linter can be disabled with `set_option linter.docPrime false`",
   "level": "warning"},
  {"message":
   "././.lake/packages/mathlib/././Mathlib/Data/Nat/Prime/Defs.lean:96:8: `Nat.prime_def_lt'` is missing a doc-string, please add one.\nDeclarations whose name ends with a `'` are expected to contain an explanation for the presence of a `'` in their doc-string. This may consist of discussion of the difference relative to the unprimed version, or an explanation as to why no better naming scheme is possible.\nnote: this linter can be disabled with `set_option linter.docPrime false`",
   "level": "warning"},
  {"message":
   "././.lake/packages/mathlib/././Mathlib/Data/Nat/Prime/Defs.lean:169:8: `Nat.not_prime_mul'` is missing a doc-string, please add one.\nDeclarations whose name ends with a `'` are expected to contain an explanation for the presence of a `'` in their doc-string. This may consist of discussion of the difference relative to the unprimed version, or an explanation as to why no better naming scheme is possible.\nnote: this linter can be disabled with `set_option linter.docPrime false`",
   "level": "warning"},
  {"message":
   "././.lake/packages/mathlib/././Mathlib/Data/Nat/Prime/Defs.lean:183:8: `Nat.Prime.eq_two_or_odd'` is missing a doc-string, please add one.\nDeclarations whose name ends with a `'` are expected to contain an explanation for the presence of a `'` in their doc-string. This may consist of discussion of the difference relative to the unprimed version, or an explanation as to why no better naming scheme is possible.\nnote: this linter can be disabled with `set_option linter.docPrime false`",
   "level": "warning"},
  {"message":
   "././.lake/packages/mathlib/././Mathlib/Data/Nat/Prime/Defs.lean:304:8: `Nat.le_minFac'` is missing a doc-string, please add one.\nDeclarations whose name ends with a `'` are expected to contain an explanation for the presence of a `'` in their doc-string. This may consist of discussion of the difference relative to the unprimed version, or an explanation as to why no better naming scheme is possible.\nnote: this linter can be disabled with `set_option linter.docPrime false`",
   "level": "warning"}],
 "depHash": "5449493892074544716"}