{"log":
 [{"message":
   ".> LEAN_PATH=././.lake/packages/batteries/.lake/build/lib:././.lake/packages/Qq/.lake/build/lib:././.lake/packages/aesop/.lake/build/lib:././.lake/packages/proofwidgets/.lake/build/lib:././.lake/packages/Cli/.lake/build/lib:././.lake/packages/importGraph/.lake/build/lib:././.lake/packages/LeanSearchClient/.lake/build/lib:././.lake/packages/mathlib/.lake/build/lib:././.lake/build/lib LD_LIBRARY_PATH= /home/runner/.elan/toolchains/leanprover--lean4---v4.12.0/bin/lean ./././lean/Beal/B14_FreyTate.lean -R ./././lean -o ././.lake/build/lib/Beal/B14_FreyTate.olean -i ././.lake/build/lib/Beal/B14_FreyTate.ilean -c ././.lake/build/ir/Beal/B14_FreyTate.c --json",
   "level": "trace"},
  {"message":
   "./././lean/Beal/B14_FreyTate.lean:147:19: unused variable `hp`\nnote: this linter can be disabled with `set_option linter.unusedVariables false`",
   "level": "warning"},
  {"message":
   "./././lean/Beal/B14_FreyTate.lean:167:19: unused variable `hp`\nnote: this linter can be disabled with `set_option linter.unusedVariables false`",
   "level": "warning"},
  {"message":
   "./././lean/Beal/B14_FreyTate.lean:168:11: unused variable `hB`\nnote: this linter can be disabled with `set_option linter.unusedVariables false`",
   "level": "warning"},
  {"message":
   "./././lean/Beal/B14_FreyTate.lean:173:19: unused variable `hp`\nnote: this linter can be disabled with `set_option linter.unusedVariables false`",
   "level": "warning"},
  {"message":
   "./././lean/Beal/B14_FreyTate.lean:173:62: unused variable `hy`\nnote: this linter can be disabled with `set_option linter.unusedVariables false`",
   "level": "warning"},
  {"message":
   "./././lean/Beal/B14_FreyTate.lean:174:11: unused variable `hEq`\nnote: this linter can be disabled with `set_option linter.unusedVariables false`",
   "level": "warning"},
  {"message":
   "./././lean/Beal/B14_FreyTate.lean:174:41: unused variable `hC`\nnote: this linter can be disabled with `set_option linter.unusedVariables false`",
   "level": "warning"},
  {"message":
   "./././lean/Beal/B14_FreyTate.lean:225:6: 'Beal.FreyTate.c4_eq_b2sq_sub_24b4' depends on axioms: [propext, Quot.sound]",
   "level": "info"},
  {"message":
   "./././lean/Beal/B14_FreyTate.lean:226:6: 'Beal.FreyTate.wiles_modularity' depends on axioms: [Beal.FreyTate.wiles_modularity]",
   "level": "info"}],
 "depHash": "9531319970839121745"}