{"log":
 [{"message":
   ".> LEAN_PATH=././.lake/packages/Cli/.lake/build/lib:././.lake/packages/batteries/.lake/build/lib:././.lake/packages/Qq/.lake/build/lib:././.lake/packages/aesop/.lake/build/lib:././.lake/packages/proofwidgets/.lake/build/lib:././.lake/packages/importGraph/.lake/build/lib:././.lake/packages/LeanSearchClient/.lake/build/lib:././.lake/packages/plausible/.lake/build/lib:././.lake/packages/mathlib/.lake/build/lib:././.lake/build/lib LD_LIBRARY_PATH= /home/runner/.elan/toolchains/leanprover--lean4---v4.15.0/bin/lean ./././lean/Beal/B05_Modularity.lean -R ./././lean -o ././.lake/build/lib/Beal/B05_Modularity.olean -i ././.lake/build/lib/Beal/B05_Modularity.ilean -c ././.lake/build/ir/Beal/B05_Modularity.c --json",
   "level": "trace"},
  {"message":
   "./././lean/Beal/B05_Modularity.lean:38:5: unused variable `h`\nnote: this linter can be disabled with `set_option linter.unusedVariables false`",
   "level": "warning"},
  {"message":
   "./././lean/Beal/B05_Modularity.lean:41:0: 'BealModularity05.ribet_from_s2' depends on axioms: [propext, Quot.sound]",
   "level": "info"},
  {"message":
   "./././lean/Beal/B05_Modularity.lean:42:0: 'BealModularity05.modularity_hypothesis' depends on axioms: [propext,\n BealModularity05.mazur_irreducibility_axiom,\n BealModularity05.wiles_lifting_axiom,\n Quot.sound]",
   "level": "info"},
  {"message":
   "./././lean/Beal/B05_Modularity.lean:43:0: 'BealModularity05.frey_modularity_of_S2_vanishes' depends on axioms: [propext,\n BealModularity05.mazur_irreducibility_axiom,\n BealModularity05.wiles_lifting_axiom,\n Quot.sound]",
   "level": "info"},
  {"message":
   "./././lean/Beal/B05_Modularity.lean:44:0: 'BealModularity05.frey_modular_of_hypothesis' does not depend on any axioms",
   "level": "info"}],
 "depHash": "12374705182742393113"}