{"log":
 [{"message":
   ".> LEAN_PATH=././.lake/packages/batteries/.lake/build/lib:././.lake/packages/Qq/.lake/build/lib:././.lake/packages/aesop/.lake/build/lib:././.lake/packages/proofwidgets/.lake/build/lib:././.lake/packages/Cli/.lake/build/lib:././.lake/packages/importGraph/.lake/build/lib:././.lake/packages/LeanSearchClient/.lake/build/lib:././.lake/packages/mathlib/.lake/build/lib:././.lake/build/lib LD_LIBRARY_PATH= /home/runner/.elan/toolchains/leanprover--lean4---v4.12.0/bin/lean ./././lean/Beal/Galois/07g_IharaOnV.lean -R ./././lean -o ././.lake/build/lib/Beal/Galois/07g_IharaOnV.olean -i ././.lake/build/lib/Beal/Galois/07g_IharaOnV.ilean -c ././.lake/build/ir/Beal/Galois/07g_IharaOnV.c --json",
   "level": "trace"},
  {"message":
   "./././lean/Beal/Galois/07g_IharaOnV.lean:70:0: 'Beal.Galois.IharaPairIn' depends on axioms: [propext, Quot.sound]",
   "level": "info"},
  {"message":
   "./././lean/Beal/Galois/07g_IharaOnV.lean:71:0: 'Beal.Galois.IharaKernelZeroOnV' depends on axioms: [propext, Quot.sound]",
   "level": "info"},
  {"message":
   "./././lean/Beal/Galois/07g_IharaOnV.lean:72:0: 'Beal.Galois.IsGenuineFormSubmoduleAtLevel' depends on axioms: [propext, Quot.sound]",
   "level": "info"},
  {"message":
   "./././lean/Beal/Galois/07g_IharaOnV.lean:73:0: 'Beal.Galois.rawIharaCounterexample' depends on axioms: [propext, Quot.sound]",
   "level": "info"},
  {"message":
   "./././lean/Beal/Galois/07g_IharaOnV.lean:74:0: 'Beal.Galois.rawIharaCounterexample_in_kernel' depends on axioms: [propext, Quot.sound]",
   "level": "info"},
  {"message":
   "./././lean/Beal/Galois/07g_IharaOnV.lean:75:0: 'Beal.Galois.rawIharaCounterexample_not_in_genuine_domain' depends on axioms: [propext, Quot.sound]",
   "level": "info"}],
 "depHash": "1097658954909832598"}