{"log":
 [{"message":
   ".> LEAN_PATH=././.lake/packages/batteries/.lake/build/lib:././.lake/packages/Qq/.lake/build/lib:././.lake/packages/aesop/.lake/build/lib:././.lake/packages/proofwidgets/.lake/build/lib:././.lake/packages/Cli/.lake/build/lib:././.lake/packages/importGraph/.lake/build/lib:././.lake/packages/LeanSearchClient/.lake/build/lib:././.lake/packages/mathlib/.lake/build/lib:././.lake/build/lib LD_LIBRARY_PATH= /home/runner/.elan/toolchains/leanprover--lean4---v4.12.0/bin/lean ./././lean/Beal/Galois/05_Hecke.lean -R ./././lean -o ././.lake/build/lib/Beal/Galois/05_Hecke.olean -i ././.lake/build/lib/Beal/Galois/05_Hecke.ilean -c ././.lake/build/ir/Beal/Galois/05_Hecke.c --json",
   "level": "trace"},
  {"message":
   "./././lean/Beal/Galois/05_Hecke.lean:226:0: 'Beal.Galois.HeckeOp' depends on axioms: [propext, Quot.sound]",
   "level": "info"},
  {"message":
   "./././lean/Beal/Galois/05_Hecke.lean:227:0: 'Beal.Galois.HeckeOp_level_divides_conductor' depends on axioms: [propext, Quot.sound]",
   "level": "info"},
  {"message":
   "./././lean/Beal/Galois/05_Hecke.lean:228:0: 'Beal.Galois.DegeneracyMap' depends on axioms: [propext, Quot.sound]",
   "level": "info"},
  {"message":
   "./././lean/Beal/Galois/05_Hecke.lean:229:0: 'Beal.Galois.OldSubspace' depends on axioms: [propext, Quot.sound]",
   "level": "info"},
  {"message":
   "./././lean/Beal/Galois/05_Hecke.lean:230:0: 'Beal.Galois.IsNewform' depends on axioms: [propext, Quot.sound]",
   "level": "info"},
  {"message":
   "./././lean/Beal/Galois/05_Hecke.lean:231:0: 'Beal.Galois.HeckeSequenceOp' depends on axioms: [propext, Quot.sound]",
   "level": "info"},
  {"message":
   "./././lean/Beal/Galois/05_Hecke.lean:232:0: 'Beal.Galois.HeckeAlgebra' depends on axioms: [propext, Quot.sound]",
   "level": "info"}],
 "depHash": "13315538637987700638"}