{"log":
 [{"message":
   ".> LEAN_PATH=././.lake/packages/batteries/.lake/build/lib:././.lake/packages/Qq/.lake/build/lib:././.lake/packages/aesop/.lake/build/lib:././.lake/packages/proofwidgets/.lake/build/lib:././.lake/packages/Cli/.lake/build/lib:././.lake/packages/importGraph/.lake/build/lib:././.lake/packages/LeanSearchClient/.lake/build/lib:././.lake/packages/mathlib/.lake/build/lib:././.lake/build/lib LD_LIBRARY_PATH= /home/runner/.elan/toolchains/leanprover--lean4---v4.12.0/bin/lean ./././lean/Beal/Galois/07k_TokenBridge.lean -R ./././lean -o ././.lake/build/lib/Beal/Galois/07k_TokenBridge.olean -i ././.lake/build/lib/Beal/Galois/07k_TokenBridge.ilean -c ././.lake/build/ir/Beal/Galois/07k_TokenBridge.c --json",
   "level": "trace"},
  {"message":
   "./././lean/Beal/Galois/07k_TokenBridge.lean:75:7: unused variable `p`\nnote: this linter can be disabled with `set_option linter.unusedVariables false`",
   "level": "warning"},
  {"message":
   "./././lean/Beal/Galois/07k_TokenBridge.lean:110:0: 'Beal.Galois.SupportedNewformToTokenProvider' depends on axioms: [propext, Quot.sound]",
   "level": "info"},
  {"message":
   "./././lean/Beal/Galois/07k_TokenBridge.lean:111:0: 'Beal.Galois.SupportedNewformToPreservedToken' depends on axioms: [propext, Quot.sound]",
   "level": "info"},
  {"message":
   "./././lean/Beal/Galois/07k_TokenBridge.lean:112:0: 'Beal.Galois.GaloisToRibetBridge' depends on axioms: [propext, Quot.sound]",
   "level": "info"},
  {"message":
   "./././lean/Beal/Galois/07k_TokenBridge.lean:113:0: 'Beal.Galois.galois_support_to_token_bridge' depends on axioms: [propext, Quot.sound]",
   "level": "info"},
  {"message":
   "./././lean/Beal/Galois/07k_TokenBridge.lean:114:0: 'Beal.Galois.galois_support_to_token_bridge_proof' depends on axioms: [propext, Quot.sound]",
   "level": "info"}],
 "depHash": "3335094216272182544"}