{"log":
 [{"message":
   ".> LEAN_PATH=././.lake/packages/batteries/.lake/build/lib:././.lake/packages/Qq/.lake/build/lib:././.lake/packages/aesop/.lake/build/lib:././.lake/packages/proofwidgets/.lake/build/lib:././.lake/packages/Cli/.lake/build/lib:././.lake/packages/importGraph/.lake/build/lib:././.lake/packages/LeanSearchClient/.lake/build/lib:././.lake/packages/mathlib/.lake/build/lib:././.lake/build/lib LD_LIBRARY_PATH= /home/runner/.elan/toolchains/leanprover--lean4---v4.12.0/bin/lean -Dpp.unicode.fun=true -DautoImplicit=false -Dweak.linter.docPrime=true -Dweak.linter.hashCommand=true -Dweak.linter.oldObtain=true -Dweak.linter.refine=true -Dweak.linter.style.cdot=true -Dweak.linter.style.dollarSyntax=true -Dweak.linter.style.lambdaSyntax=true -Dweak.linter.style.longLine=true -Dweak.linter.style.longFile=1500 -Dweak.linter.style.missingEnd=true -Dweak.linter.style.setOption=true ././.lake/packages/mathlib/././Mathlib/Data/Nat/Defs.lean -R ././.lake/packages/mathlib/./. -o ././.lake/packages/mathlib/.lake/build/lib/Mathlib/Data/Nat/Defs.olean -i ././.lake/packages/mathlib/.lake/build/lib/Mathlib/Data/Nat/Defs.ilean -c ././.lake/packages/mathlib/.lake/build/ir/Mathlib/Data/Nat/Defs.c --json",
   "level": "trace"},
  {"message":
   "././.lake/packages/mathlib/././Mathlib/Data/Nat/Defs.lean:89:6: `Nat.succ_pos'` is missing a doc-string, please add one.\nDeclarations whose name ends with a `'` are expected to contain an explanation for the presence of a `'` in their doc-string. This may consist of discussion of the difference relative to the unprimed version, or an explanation as to why no better naming scheme is possible.\nnote: this linter can be disabled with `set_option linter.docPrime false`",
   "level": "warning"},
  {"message":
   "././.lake/packages/mathlib/././Mathlib/Data/Nat/Defs.lean:283:16: `Nat.sub_eq_of_eq_add'` is missing a doc-string, please add one.\nDeclarations whose name ends with a `'` are expected to contain an explanation for the presence of a `'` in their doc-string. This may consist of discussion of the difference relative to the unprimed version, or an explanation as to why no better naming scheme is possible.\nnote: this linter can be disabled with `set_option linter.docPrime false`",
   "level": "warning"},
  {"message":
   "././.lake/packages/mathlib/././Mathlib/Data/Nat/Defs.lean:285:16: `Nat.eq_sub_of_add_eq'` is missing a doc-string, please add one.\nDeclarations whose name ends with a `'` are expected to contain an explanation for the presence of a `'` in their doc-string. This may consist of discussion of the difference relative to the unprimed version, or an explanation as to why no better naming scheme is possible.\nnote: this linter can be disabled with `set_option linter.docPrime false`",
   "level": "warning"},
  {"message":
   "././.lake/packages/mathlib/././Mathlib/Data/Nat/Defs.lean:288:16: `Nat.lt_sub_iff_add_lt'` is missing a doc-string, please add one.\nDeclarations whose name ends with a `'` are expected to contain an explanation for the presence of a `'` in their doc-string. This may consist of discussion of the difference relative to the unprimed version, or an explanation as to why no better naming scheme is possible.\nnote: this linter can be disabled with `set_option linter.docPrime false`",
   "level": "warning"},
  {"message":
   "././.lake/packages/mathlib/././Mathlib/Data/Nat/Defs.lean:290:16: `Nat.sub_lt_iff_lt_add'` is missing a doc-string, please add one.\nDeclarations whose name ends with a `'` are expected to contain an explanation for the presence of a `'` in their doc-string. This may consist of discussion of the difference relative to the unprimed version, or an explanation as to why no better naming scheme is possible.\nnote: this linter can be disabled with `set_option linter.docPrime false`",
   "level": "warning"},
  {"message":
   "././.lake/packages/mathlib/././Mathlib/Data/Nat/Defs.lean:373:6: `Nat.mul_lt_mul''` is missing a doc-string, please add one.\nDeclarations whose name ends with a `'` are expected to contain an explanation for the presence of a `'` in their doc-string. This may consist of discussion of the difference relative to the unprimed version, or an explanation as to why no better naming scheme is possible.\nnote: this linter can be disabled with `set_option linter.docPrime false`",
   "level": "warning"},
  {"message":
   "././.lake/packages/mathlib/././Mathlib/Data/Nat/Defs.lean:418:6: `Nat.le_div_iff_mul_le'` is missing a doc-string, please add one.\nDeclarations whose name ends with a `'` are expected to contain an explanation for the presence of a `'` in their doc-string. This may consist of discussion of the difference relative to the unprimed version, or an explanation as to why no better naming scheme is possible.\nnote: this linter can be disabled with `set_option linter.docPrime false`",
   "level": "warning"},
  {"message":
   "././.lake/packages/mathlib/././Mathlib/Data/Nat/Defs.lean:420:6: `Nat.div_lt_iff_lt_mul'` is missing a doc-string, please add one.\nDeclarations whose name ends with a `'` are expected to contain an explanation for the presence of a `'` in their doc-string. This may consist of discussion of the difference relative to the unprimed version, or an explanation as to why no better naming scheme is possible.\nnote: this linter can be disabled with `set_option linter.docPrime false`",
   "level": "warning"},
  {"message":
   "././.lake/packages/mathlib/././Mathlib/Data/Nat/Defs.lean:454:16: `Nat.mul_div_cancel_left'` is missing a doc-string, please add one.\nDeclarations whose name ends with a `'` are expected to contain an explanation for the presence of a `'` in their doc-string. This may consist of discussion of the difference relative to the unprimed version, or an explanation as to why no better naming scheme is possible.\nnote: this linter can be disabled with `set_option linter.docPrime false`",
   "level": "warning"},
  {"message":
   "././.lake/packages/mathlib/././Mathlib/Data/Nat/Defs.lean:506:16: `Nat.div_le_of_le_mul'` is missing a doc-string, please add one.\nDeclarations whose name ends with a `'` are expected to contain an explanation for the presence of a `'` in their doc-string. This may consist of discussion of the difference relative to the unprimed version, or an explanation as to why no better naming scheme is possible.\nnote: this linter can be disabled with `set_option linter.docPrime false`",
   "level": "warning"},
  {"message":
   "././.lake/packages/mathlib/././Mathlib/Data/Nat/Defs.lean:520:16: `Nat.div_le_self'` is missing a doc-string, please add one.\nDeclarations whose name ends with a `'` are expected to contain an explanation for the presence of a `'` in their doc-string. This may consist of discussion of the difference relative to the unprimed version, or an explanation as to why no better naming scheme is possible.\nnote: this linter can be disabled with `set_option linter.docPrime false`",
   "level": "warning"},
  {"message":
   "././.lake/packages/mathlib/././Mathlib/Data/Nat/Defs.lean:634:6: `Nat.one_le_pow'` is missing a doc-string, please add one.\nDeclarations whose name ends with a `'` are expected to contain an explanation for the presence of a `'` in their doc-string. This may consist of discussion of the difference relative to the unprimed version, or an explanation as to why no better naming scheme is possible.\nnote: this linter can be disabled with `set_option linter.docPrime false`",
   "level": "warning"},
  {"message":
   "././.lake/packages/mathlib/././Mathlib/Data/Nat/Defs.lean:640:6: `Nat.one_lt_pow'` is missing a doc-string, please add one.\nDeclarations whose name ends with a `'` are expected to contain an explanation for the presence of a `'` in their doc-string. This may consist of discussion of the difference relative to the unprimed version, or an explanation as to why no better naming scheme is possible.\nnote: this linter can be disabled with `set_option linter.docPrime false`",
   "level": "warning"},
  {"message":
   "././.lake/packages/mathlib/././Mathlib/Data/Nat/Defs.lean:649:6: `Nat.one_lt_two_pow'` is missing a doc-string, please add one.\nDeclarations whose name ends with a `'` are expected to contain an explanation for the presence of a `'` in their doc-string. This may consist of discussion of the difference relative to the unprimed version, or an explanation as to why no better naming scheme is possible.\nnote: this linter can be disabled with `set_option linter.docPrime false`",
   "level": "warning"},
  {"message":
   "././.lake/packages/mathlib/././Mathlib/Data/Nat/Defs.lean:732:6: `Nat.leRec_succ'` is missing a doc-string, please add one.\nDeclarations whose name ends with a `'` are expected to contain an explanation for the presence of a `'` in their doc-string. This may consist of discussion of the difference relative to the unprimed version, or an explanation as to why no better naming scheme is possible.\nnote: this linter can be disabled with `set_option linter.docPrime false`",
   "level": "warning"},
  {"message":
   "././.lake/packages/mathlib/././Mathlib/Data/Nat/Defs.lean:776:6: `Nat.leRecOn_succ'` is missing a doc-string, please add one.\nDeclarations whose name ends with a `'` are expected to contain an explanation for the presence of a `'` in their doc-string. This may consist of discussion of the difference relative to the unprimed version, or an explanation as to why no better naming scheme is possible.\nnote: this linter can be disabled with `set_option linter.docPrime false`",
   "level": "warning"},
  {"message":
   "././.lake/packages/mathlib/././Mathlib/Data/Nat/Defs.lean:883:6: `Nat.decreasingInduction_succ'` is missing a doc-string, please add one.\nDeclarations whose name ends with a `'` are expected to contain an explanation for the presence of a `'` in their doc-string. This may consist of discussion of the difference relative to the unprimed version, or an explanation as to why no better naming scheme is possible.\nnote: this linter can be disabled with `set_option linter.docPrime false`",
   "level": "warning"},
  {"message":
   "././.lake/packages/mathlib/././Mathlib/Data/Nat/Defs.lean:1075:6: `Nat.mod_add_div'` is missing a doc-string, please add one.\nDeclarations whose name ends with a `'` are expected to contain an explanation for the presence of a `'` in their doc-string. This may consist of discussion of the difference relative to the unprimed version, or an explanation as to why no better naming scheme is possible.\nnote: this linter can be disabled with `set_option linter.docPrime false`",
   "level": "warning"},
  {"message":
   "././.lake/packages/mathlib/././Mathlib/Data/Nat/Defs.lean:1077:6: `Nat.div_add_mod'` is missing a doc-string, please add one.\nDeclarations whose name ends with a `'` are expected to contain an explanation for the presence of a `'` in their doc-string. This may consist of discussion of the difference relative to the unprimed version, or an explanation as to why no better naming scheme is possible.\nnote: this linter can be disabled with `set_option linter.docPrime false`",
   "level": "warning"},
  {"message":
   "././.lake/packages/mathlib/././Mathlib/Data/Nat/Defs.lean:1167:6: `Nat.mul_add_mod'` is missing a doc-string, please add one.\nDeclarations whose name ends with a `'` are expected to contain an explanation for the presence of a `'` in their doc-string. This may consist of discussion of the difference relative to the unprimed version, or an explanation as to why no better naming scheme is possible.\nnote: this linter can be disabled with `set_option linter.docPrime false`",
   "level": "warning"},
  {"message":
   "././.lake/packages/mathlib/././Mathlib/Data/Nat/Defs.lean:1184:6: `Nat.dvd_sub'` is missing a doc-string, please add one.\nDeclarations whose name ends with a `'` are expected to contain an explanation for the presence of a `'` in their doc-string. This may consist of discussion of the difference relative to the unprimed version, or an explanation as to why no better naming scheme is possible.\nnote: this linter can be disabled with `set_option linter.docPrime false`",
   "level": "warning"}],
 "depHash": "2205411661205536867"}