{"log":
 [{"message":
   ".> LEAN_PATH=././.lake/packages/Cli/.lake/build/lib:././.lake/packages/batteries/.lake/build/lib:././.lake/packages/Qq/.lake/build/lib:././.lake/packages/aesop/.lake/build/lib:././.lake/packages/proofwidgets/.lake/build/lib:././.lake/packages/importGraph/.lake/build/lib:././.lake/packages/LeanSearchClient/.lake/build/lib:././.lake/packages/plausible/.lake/build/lib:././.lake/packages/mathlib/.lake/build/lib:././.lake/build/lib LD_LIBRARY_PATH= /home/runner/.elan/toolchains/leanprover--lean4---v4.15.0/bin/lean ./././lean/Beal/Experimental/Mathlib415QExpansionProbe.lean -R ./././lean -o ././.lake/build/lib/Beal/Experimental/Mathlib415QExpansionProbe.olean -i ././.lake/build/lib/Beal/Experimental/Mathlib415QExpansionProbe.ilean -c ././.lake/build/ir/Beal/Experimental/Mathlib415QExpansionProbe.c --json",
   "level": "trace"},
  {"message":
   "./././lean/Beal/Experimental/Mathlib415QExpansionProbe.lean:10:0: SlashInvariantFormClass.cuspFunction.{u_1} {F : Type u_1} [FunLike F UpperHalfPlane ℂ] (n : ℕ) (f : F) : ℂ → ℂ",
   "level": "info"},
  {"message":
   "./././lean/Beal/Experimental/Mathlib415QExpansionProbe.lean:11:0: SlashInvariantFormClass.eq_cuspFunction.{u_1} {k : ℤ} {F : Type u_1} [FunLike F UpperHalfPlane ℂ] (n : ℕ) (f : F)\n  [NeZero n] [SlashInvariantFormClass F (CongruenceSubgroup.Gamma n) k] (τ : UpperHalfPlane) :\n  SlashInvariantFormClass.cuspFunction n f (Function.Periodic.qParam ↑n ↑τ) = f τ",
   "level": "info"},
  {"message":
   "./././lean/Beal/Experimental/Mathlib415QExpansionProbe.lean:12:0: ModularFormClass.differentiableAt_cuspFunction.{u_1} {k : ℤ} {F : Type u_1} [FunLike F UpperHalfPlane ℂ] (n : ℕ) (f : F)\n  [NeZero n] [ModularFormClass F (CongruenceSubgroup.Gamma n) k] {q : ℂ} (hq : Complex.abs q < 1) :\n  DifferentiableAt ℂ (SlashInvariantFormClass.cuspFunction n f) q",
   "level": "info"},
  {"message":
   "./././lean/Beal/Experimental/Mathlib415QExpansionProbe.lean:13:0: ModularFormClass.analyticAt_cuspFunction_zero.{u_1} {k : ℤ} {F : Type u_1} [FunLike F UpperHalfPlane ℂ] (n : ℕ) (f : F)\n  [NeZero n] [ModularFormClass F (CongruenceSubgroup.Gamma n) k] :\n  AnalyticAt ℂ (SlashInvariantFormClass.cuspFunction n f) 0",
   "level": "info"},
  {"message":
   "./././lean/Beal/Experimental/Mathlib415QExpansionProbe.lean:14:0: CuspFormClass.cuspFunction_apply_zero.{u_1} {k : ℤ} {F : Type u_1} [FunLike F UpperHalfPlane ℂ] (n : ℕ) (f : F)\n  [NeZero n] [CuspFormClass F (CongruenceSubgroup.Gamma n) k] : SlashInvariantFormClass.cuspFunction n f 0 = 0",
   "level": "info"},
  {"message":
   "./././lean/Beal/Experimental/Mathlib415QExpansionProbe.lean:15:0: CuspFormClass.exp_decay_atImInfty.{u_1} {k : ℤ} {F : Type u_1} [FunLike F UpperHalfPlane ℂ] (n : ℕ) (f : F) [NeZero n]\n  [CuspFormClass F (CongruenceSubgroup.Gamma n) k] :\n  ⇑f =O[UpperHalfPlane.atImInfty] fun τ => Real.exp (-2 * Real.pi * τ.im / ↑n)",
   "level": "info"}],
 "depHash": "16692855478771892051"}