{"log":
 [{"message":
   ".> LEAN_PATH=././.lake/packages/batteries/.lake/build/lib:././.lake/packages/Qq/.lake/build/lib:././.lake/packages/aesop/.lake/build/lib:././.lake/packages/proofwidgets/.lake/build/lib:././.lake/packages/Cli/.lake/build/lib:././.lake/packages/importGraph/.lake/build/lib:././.lake/packages/LeanSearchClient/.lake/build/lib:././.lake/packages/mathlib/.lake/build/lib:././.lake/build/lib LD_LIBRARY_PATH= /home/runner/.elan/toolchains/leanprover--lean4---v4.12.0/bin/lean -Dpp.unicode.fun=true -DautoImplicit=false -Dweak.linter.docPrime=true -Dweak.linter.hashCommand=true -Dweak.linter.oldObtain=true -Dweak.linter.refine=true -Dweak.linter.style.cdot=true -Dweak.linter.style.dollarSyntax=true -Dweak.linter.style.lambdaSyntax=true -Dweak.linter.style.longLine=true -Dweak.linter.style.longFile=1500 -Dweak.linter.style.missingEnd=true -Dweak.linter.style.setOption=true ././.lake/packages/mathlib/././Mathlib/Algebra/Ring/Int.lean -R ././.lake/packages/mathlib/./. -o ././.lake/packages/mathlib/.lake/build/lib/Mathlib/Algebra/Ring/Int.olean -i ././.lake/packages/mathlib/.lake/build/lib/Mathlib/Algebra/Ring/Int.ilean -c ././.lake/packages/mathlib/.lake/build/ir/Mathlib/Algebra/Ring/Int.c --json",
   "level": "trace"},
  {"message":
   "././.lake/packages/mathlib/././Mathlib/Algebra/Ring/Int.lean:111:6: `Int.even_or_odd'` is missing a doc-string, please add one.\nDeclarations whose name ends with a `'` are expected to contain an explanation for the presence of a `'` in their doc-string. This may consist of discussion of the difference relative to the unprimed version, or an explanation as to why no better naming scheme is possible.\nnote: this linter can be disabled with `set_option linter.docPrime false`",
   "level": "warning"},
  {"message":
   "././.lake/packages/mathlib/././Mathlib/Algebra/Ring/Int.lean:119:6: `Int.even_xor'_odd'` is missing a doc-string, please add one.\nDeclarations whose name ends with a `'` are expected to contain an explanation for the presence of a `'` in their doc-string. This may consist of discussion of the difference relative to the unprimed version, or an explanation as to why no better naming scheme is possible.\nnote: this linter can be disabled with `set_option linter.docPrime false`",
   "level": "warning"},
  {"message":
   "././.lake/packages/mathlib/././Mathlib/Algebra/Ring/Int.lean:128:6: `Int.even_add'` is missing a doc-string, please add one.\nDeclarations whose name ends with a `'` are expected to contain an explanation for the presence of a `'` in their doc-string. This may consist of discussion of the difference relative to the unprimed version, or an explanation as to why no better naming scheme is possible.\nnote: this linter can be disabled with `set_option linter.docPrime false`",
   "level": "warning"},
  {"message":
   "././.lake/packages/mathlib/././Mathlib/Algebra/Ring/Int.lean:134:6: `Int.even_sub'` is missing a doc-string, please add one.\nDeclarations whose name ends with a `'` are expected to contain an explanation for the presence of a `'` in their doc-string. This may consist of discussion of the difference relative to the unprimed version, or an explanation as to why no better naming scheme is possible.\nnote: this linter can be disabled with `set_option linter.docPrime false`",
   "level": "warning"},
  {"message":
   "././.lake/packages/mathlib/././Mathlib/Algebra/Ring/Int.lean:146:6: `Int.odd_pow'` is missing a doc-string, please add one.\nDeclarations whose name ends with a `'` are expected to contain an explanation for the presence of a `'` in their doc-string. This may consist of discussion of the difference relative to the unprimed version, or an explanation as to why no better naming scheme is possible.\nnote: this linter can be disabled with `set_option linter.docPrime false`",
   "level": "warning"},
  {"message":
   "././.lake/packages/mathlib/././Mathlib/Algebra/Ring/Int.lean:151:6: `Int.odd_add'` is missing a doc-string, please add one.\nDeclarations whose name ends with a `'` are expected to contain an explanation for the presence of a `'` in their doc-string. This may consist of discussion of the difference relative to the unprimed version, or an explanation as to why no better naming scheme is possible.\nnote: this linter can be disabled with `set_option linter.docPrime false`",
   "level": "warning"},
  {"message":
   "././.lake/packages/mathlib/././Mathlib/Algebra/Ring/Int.lean:158:6: `Int.odd_sub'` is missing a doc-string, please add one.\nDeclarations whose name ends with a `'` are expected to contain an explanation for the presence of a `'` in their doc-string. This may consist of discussion of the difference relative to the unprimed version, or an explanation as to why no better naming scheme is possible.\nnote: this linter can be disabled with `set_option linter.docPrime false`",
   "level": "warning"}],
 "depHash": "9512359278158066189"}