LEVEL-26 P-ADIC HENSEL CERTIFICATE
producer: scripts/level26_descent_certificate.py
schema: beal.level26.padic-hensel-certificate.v2
certificate_sha256: 51800e72a0cac6c790148cf009289847bc11642f99d4acc721a16a2dc8ce89c4
equation: F(x,z,y)=twist*y^2-(a*x^4+b*x^3*z+c*x^2*z^2+d*x*z^3+e*z^4)

lean_E26a1 d=  1 row=0 mod=2^6 (x,z,y)=(0,1,0) lift=x v(F)=exact v(F')=4 PASS
lean_E26a1 d=  1 row=0 mod=13^2 (x,z,y)=(0,1,0) lift=x v(F)=exact v(F')=0 PASS
lean_E26a1 d=  1 row=1 mod=2^6 (x,z,y)=(1,0,1) lift=x v(F)=exact v(F')=2 PASS
lean_E26a1 d=  1 row=1 mod=13^2 (x,z,y)=(0,1,47) lift=x v(F)=3 v(F')=0 PASS
lean_E26a1 d=  1 row=2 mod=2^6 (x,z,y)=(0,1,4) lift=x v(F)=exact v(F')=3 PASS
lean_E26a1 d=  1 row=2 mod=13^2 (x,z,y)=(0,1,4) lift=x v(F)=exact v(F')=0 PASS
lean_E26a1 d=  1 row=3 mod=2^6 (x,z,y)=(0,1,2) lift=x v(F)=exact v(F')=2 PASS
lean_E26a1 d=  1 row=3 mod=13^2 (x,z,y)=(0,1,2) lift=x v(F)=exact v(F')=0 PASS
lean_E26a1 d= -1 row=0 mod=2^6 (x,z,y)=(0,1,0) lift=x v(F)=exact v(F')=4 PASS
lean_E26a1 d= -1 row=0 mod=13^2 (x,z,y)=(0,1,0) lift=x v(F)=exact v(F')=0 PASS
lean_E26a1 d= -1 row=1 mod=2^6 (x,z,y)=(1,5,16) lift=y v(F)=13 v(F')=5 PASS
lean_E26a1 d= -1 row=1 mod=13^2 (x,z,y)=(0,1,79) lift=x v(F)=2 v(F')=0 PASS
lean_E26a1 d= -1 row=2 mod=2^6 (x,z,y)=(1,3,4) lift=y v(F)=11 v(F')=3 PASS
lean_E26a1 d= -1 row=2 mod=13^2 (x,z,y)=(0,1,58) lift=x v(F)=2 v(F')=0 PASS
lean_E26a1 d= -1 row=3 mod=2^6 (x,z,y)=(2,13,32) lift=y v(F)=17 v(F')=6 PASS
lean_E26a1 d= -1 row=3 mod=13^2 (x,z,y)=(0,1,29) lift=x v(F)=2 v(F')=0 PASS
lean_E26a1 d=  2 row=0 mod=2^6 (x,z,y)=(0,1,0) lift=x v(F)=exact v(F')=4 PASS
lean_E26a1 d=  2 row=0 mod=13^2 (x,z,y)=(0,1,0) lift=x v(F)=exact v(F')=0 PASS
lean_E26a1 d=  2 row=1 mod=2^6 (x,z,y)=(1,21,0) lift=x v(F)=11 v(F')=5 PASS
lean_E26a1 d=  2 row=1 mod=13^2 (x,z,y)=(1,3,19) lift=x v(F)=2 v(F')=0 PASS
lean_E26a1 d=  2 row=2 mod=2^6 (x,z,y)=(1,7,0) lift=x v(F)=11 v(F')=3 PASS
lean_E26a1 d=  2 row=2 mod=13^2 (x,z,y)=(1,2,41) lift=x v(F)=2 v(F')=0 PASS
lean_E26a1 d=  2 row=3 mod=2^6 (x,z,y)=(2,29,0) lift=x v(F)=17 v(F')=6 PASS
lean_E26a1 d=  2 row=3 mod=13^2 (x,z,y)=(1,3,57) lift=x v(F)=2 v(F')=0 PASS
lean_E26a1 d= -2 row=0 mod=2^6 (x,z,y)=(0,1,0) lift=x v(F)=exact v(F')=4 PASS
lean_E26a1 d= -2 row=0 mod=13^2 (x,z,y)=(0,1,0) lift=x v(F)=exact v(F')=0 PASS
lean_E26a1 d= -2 row=1 mod=2^6 (x,z,y)=(1,21,0) lift=x v(F)=11 v(F')=5 PASS
lean_E26a1 d= -2 row=1 mod=13^2 (x,z,y)=(1,3,22) lift=x v(F)=2 v(F')=0 PASS
lean_E26a1 d= -2 row=2 mod=2^6 (x,z,y)=(1,7,0) lift=x v(F)=11 v(F')=3 PASS
lean_E26a1 d= -2 row=2 mod=13^2 (x,z,y)=(1,2,3) lift=x v(F)=2 v(F')=0 PASS
lean_E26a1 d= -2 row=3 mod=2^6 (x,z,y)=(1,3,7) lift=x v(F)=9 v(F')=2 PASS
lean_E26a1 d= -2 row=3 mod=13^2 (x,z,y)=(1,3,66) lift=x v(F)=2 v(F')=0 PASS
lean_E26a1 d= 13 row=0 mod=2^6 (x,z,y)=(0,1,0) lift=x v(F)=exact v(F')=4 PASS
lean_E26a1 d= 13 row=0 mod=13^2 (x,z,y)=(0,1,0) lift=x v(F)=exact v(F')=0 PASS
lean_E26a1 d= 13 row=1 mod=2^6 (x,z,y)=(1,13,8) lift=x v(F)=11 v(F')=4 PASS
lean_E26a1 d= 13 row=1 mod=13^2 (x,z,y)=(1,8,57) lift=x v(F)=3 v(F')=1 PASS
lean_E26a1 d= 13 row=2 mod=2^6 (x,z,y)=(1,1,2) lift=x v(F)=exact v(F')=2 PASS
lean_E26a1 d= 13 row=2 mod=13^2 (x,z,y)=(1,1,2) lift=x v(F)=exact v(F')=1 PASS
lean_E26a1 d= 13 row=3 mod=2^6 (x,z,y)=(2,5,16) lift=x v(F)=exact v(F')=5 PASS
lean_E26a1 d= 13 row=3 mod=13^2 (x,z,y)=(1,9,69) lift=x v(F)=3 v(F')=1 PASS
lean_E26a1 d=-13 row=0 mod=2^6 (x,z,y)=(0,1,0) lift=x v(F)=exact v(F')=4 PASS
lean_E26a1 d=-13 row=0 mod=13^2 (x,z,y)=(0,1,0) lift=x v(F)=exact v(F')=0 PASS
lean_E26a1 d=-13 row=1 mod=2^6 (x,z,y)=(0,1,2) lift=x v(F)=6 v(F')=2 PASS
lean_E26a1 d=-13 row=1 mod=13^2 (x,z,y)=(1,8,66) lift=x v(F)=3 v(F')=1 PASS
lean_E26a1 d=-13 row=2 mod=2^6 (x,z,y)=(1,7,0) lift=x v(F)=11 v(F')=3 PASS
lean_E26a1 d=-13 row=2 mod=13^2 (x,z,y)=(1,1,29) lift=x v(F)=3 v(F')=1 PASS
lean_E26a1 d=-13 row=3 mod=2^6 (x,z,y)=(1,0,7) lift=x v(F)=7 v(F')=2 PASS
lean_E26a1 d=-13 row=3 mod=13^2 (x,z,y)=(1,9,71) lift=x v(F)=3 v(F')=1 PASS
lean_E26a1 d= 26 row=0 mod=2^6 (x,z,y)=(0,1,0) lift=x v(F)=exact v(F')=4 PASS
lean_E26a1 d= 26 row=0 mod=13^2 (x,z,y)=(0,1,0) lift=x v(F)=exact v(F')=0 PASS
lean_E26a1 d= 26 row=1 mod=2^6 (x,z,y)=(1,21,0) lift=x v(F)=11 v(F')=5 PASS
lean_E26a1 d= 26 row=1 mod=13^2 (x,z,y)=(1,4,4) lift=x v(F)=2 v(F')=0 PASS
lean_E26a1 d= 26 row=2 mod=2^6 (x,z,y)=(1,7,0) lift=x v(F)=11 v(F')=3 PASS
lean_E26a1 d= 26 row=2 mod=13^2 (x,z,y)=(1,12,3) lift=x v(F)=2 v(F')=0 PASS
lean_E26a1 d= 26 row=3 mod=2^6 (x,z,y)=(1,1,5) lift=z v(F)=7 v(F')=3 PASS
lean_E26a1 d= 26 row=3 mod=13^2 (x,z,y)=(1,2,6) lift=x v(F)=2 v(F')=0 PASS
lean_E26a1 d=-26 row=0 mod=2^6 (x,z,y)=(0,1,0) lift=x v(F)=exact v(F')=4 PASS
lean_E26a1 d=-26 row=0 mod=13^2 (x,z,y)=(0,1,0) lift=x v(F)=exact v(F')=0 PASS
lean_E26a1 d=-26 row=1 mod=2^6 (x,z,y)=(1,21,0) lift=x v(F)=11 v(F')=5 PASS
lean_E26a1 d=-26 row=1 mod=13^2 (x,z,y)=(1,4,6) lift=x v(F)=2 v(F')=0 PASS
lean_E26a1 d=-26 row=2 mod=2^6 (x,z,y)=(1,7,0) lift=x v(F)=11 v(F')=3 PASS
lean_E26a1 d=-26 row=2 mod=13^2 (x,z,y)=(1,12,2) lift=x v(F)=2 v(F')=0 PASS
lean_E26a1 d=-26 row=3 mod=2^6 (x,z,y)=(2,29,0) lift=x v(F)=17 v(F')=6 PASS
lean_E26a1 d=-26 row=3 mod=13^2 (x,z,y)=(1,2,4) lift=x v(F)=2 v(F')=0 PASS
lean_E26b1 d=  1 row=0 mod=2^6 (x,z,y)=(1,0,1) lift=x v(F)=exact v(F')=2 PASS
lean_E26b1 d=  1 row=0 mod=13^2 (x,z,y)=(0,1,79) lift=x v(F)=2 v(F')=0 PASS
lean_E26b1 d=  1 row=1 mod=2^6 (x,z,y)=(1,1,2) lift=x v(F)=exact v(F')=2 PASS
lean_E26b1 d=  1 row=1 mod=13^2 (x,z,y)=(0,1,58) lift=z v(F)=2 v(F')=0 PASS
lean_E26b1 d=  1 row=2 mod=2^6 (x,z,y)=(1,1,0) lift=x v(F)=exact v(F')=4 PASS
lean_E26b1 d=  1 row=2 mod=13^2 (x,z,y)=(1,0,70) lift=x v(F)=2 v(F')=0 PASS
lean_E26b1 d=  1 row=3 mod=2^6 (x,z,y)=(1,1,4) lift=x v(F)=exact v(F')=3 PASS
lean_E26b1 d=  1 row=3 mod=13^2 (x,z,y)=(0,1,43) lift=x v(F)=2 v(F')=0 PASS
lean_E26b1 d=  1 row=4 mod=2^6 (x,z,y)=(1,1,2) lift=x v(F)=exact v(F')=2 PASS
lean_E26b1 d=  1 row=4 mod=13^2 (x,z,y)=(0,1,29) lift=x v(F)=2 v(F')=0 PASS
lean_E26b1 d=  1 row=5 mod=2^6 (x,z,y)=(0,1,0) lift=x v(F)=exact v(F')=0 PASS
lean_E26b1 d=  1 row=5 mod=13^2 (x,z,y)=(0,1,0) lift=x v(F)=exact v(F')=1 PASS
lean_E26b1 d= -1 row=0 mod=2^6 (x,z,y)=(1,1,2) lift=x v(F)=exact v(F')=3 PASS
lean_E26b1 d= -1 row=0 mod=13^2 (x,z,y)=(0,1,47) lift=x v(F)=3 v(F')=0 PASS
lean_E26b1 d= -1 row=1 mod=2^6 (x,z,y)=(0,1,4) lift=x v(F)=exact v(F')=1 PASS
lean_E26b1 d= -1 row=1 mod=13^2 (x,z,y)=(0,1,4) lift=x v(F)=exact v(F')=1 PASS
lean_E26b1 d= -1 row=2 mod=2^6 (x,z,y)=(1,0,1) lift=x v(F)=exact v(F')=2 PASS
lean_E26b1 d= -1 row=2 mod=13^2 (x,z,y)=(1,0,1) lift=x v(F)=exact v(F')=0 PASS
lean_E26b1 d= -1 row=3 mod=2^6 (x,z,y)=(1,0,1) lift=x v(F)=exact v(F')=2 PASS
lean_E26b1 d= -1 row=3 mod=13^2 (x,z,y)=(0,1,32) lift=x v(F)=2 v(F')=0 PASS
lean_E26b1 d= -1 row=4 mod=2^6 (x,z,y)=(0,1,2) lift=x v(F)=exact v(F')=2 PASS
lean_E26b1 d= -1 row=4 mod=13^2 (x,z,y)=(0,1,2) lift=x v(F)=exact v(F')=0 PASS
lean_E26b1 d= -1 row=5 mod=2^6 (x,z,y)=(0,1,0) lift=x v(F)=exact v(F')=0 PASS
lean_E26b1 d= -1 row=5 mod=13^2 (x,z,y)=(0,1,0) lift=x v(F)=exact v(F')=1 PASS
lean_E26b1 d=  2 row=0 mod=2^6 (x,z,y)=(1,3,4) lift=x v(F)=6 v(F')=2 PASS
lean_E26b1 d=  2 row=0 mod=13^2 (x,z,y)=(1,9,26) lift=x v(F)=3 v(F')=1 PASS
lean_E26b1 d=  2 row=1 mod=2^6 (x,z,y)=(1,19,8) lift=y v(F)=13 v(F')=5 PASS
lean_E26b1 d=  2 row=1 mod=13^2 (x,z,y)=(1,7,52) lift=x v(F)=3 v(F')=1 PASS
lean_E26b1 d=  2 row=2 mod=2^6 (x,z,y)=(1,1,0) lift=x v(F)=exact v(F')=4 PASS
lean_E26b1 d=  2 row=2 mod=13^2 (x,z,y)=(1,1,0) lift=x v(F)=exact v(F')=0 PASS
lean_E26b1 d=  2 row=3 mod=2^6 (x,z,y)=(1,13,0) lift=x v(F)=10 v(F')=4 PASS
lean_E26b1 d=  2 row=3 mod=13^2 (x,z,y)=(1,8,78) lift=x v(F)=3 v(F')=1 PASS
lean_E26b1 d=  2 row=4 mod=2^6 (x,z,y)=(1,3,0) lift=x v(F)=exact v(F')=3 PASS
lean_E26b1 d=  2 row=4 mod=13^2 (x,z,y)=(1,3,0) lift=x v(F)=exact v(F')=1 PASS
lean_E26b1 d=  2 row=5 mod=2^6 (x,z,y)=(0,1,0) lift=x v(F)=exact v(F')=0 PASS
lean_E26b1 d=  2 row=5 mod=13^2 (x,z,y)=(0,1,0) lift=x v(F)=exact v(F')=1 PASS
lean_E26b1 d= -2 row=0 mod=2^6 (x,z,y)=(1,3,4) lift=x v(F)=7 v(F')=2 PASS
lean_E26b1 d= -2 row=0 mod=13^2 (x,z,y)=(1,9,39) lift=x v(F)=4 v(F')=1 PASS
lean_E26b1 d= -2 row=1 mod=2^6 (x,z,y)=(2,1,0) lift=x v(F)=exact v(F')=1 PASS
lean_E26b1 d= -2 row=1 mod=13^2 (x,z,y)=(1,7,78) lift=x v(F)=3 v(F')=1 PASS
lean_E26b1 d= -2 row=2 mod=2^6 (x,z,y)=(1,1,0) lift=x v(F)=exact v(F')=4 PASS
lean_E26b1 d= -2 row=2 mod=13^2 (x,z,y)=(1,1,0) lift=x v(F)=exact v(F')=0 PASS
lean_E26b1 d= -2 row=3 mod=2^6 (x,z,y)=(1,13,0) lift=x v(F)=10 v(F')=4 PASS
lean_E26b1 d= -2 row=3 mod=13^2 (x,z,y)=(1,8,52) lift=x v(F)=4 v(F')=1 PASS
lean_E26b1 d= -2 row=4 mod=2^6 (x,z,y)=(1,3,0) lift=x v(F)=exact v(F')=3 PASS
lean_E26b1 d= -2 row=4 mod=13^2 (x,z,y)=(1,3,0) lift=x v(F)=exact v(F')=1 PASS
lean_E26b1 d= -2 row=5 mod=2^6 (x,z,y)=(0,1,0) lift=x v(F)=exact v(F')=0 PASS
lean_E26b1 d= -2 row=5 mod=13^2 (x,z,y)=(0,1,0) lift=x v(F)=exact v(F')=1 PASS
lean_E26b1 d= 13 row=0 mod=2^6 (x,z,y)=(0,1,2) lift=x v(F)=6 v(F')=2 PASS
lean_E26b1 d= 13 row=0 mod=13^2 (x,z,y)=(1,61,0) lift=x v(F)=3 v(F')=1 PASS
lean_E26b1 d= 13 row=1 mod=2^6 (x,z,y)=(1,7,4) lift=x v(F)=8 v(F')=3 PASS
lean_E26b1 d= 13 row=1 mod=13^2 (x,z,y)=(1,59,0) lift=x v(F)=3 v(F')=1 PASS
lean_E26b1 d= 13 row=2 mod=2^6 (x,z,y)=(1,1,0) lift=x v(F)=exact v(F')=4 PASS
lean_E26b1 d= 13 row=2 mod=13^2 (x,z,y)=(1,1,0) lift=x v(F)=exact v(F')=0 PASS
lean_E26b1 d= 13 row=3 mod=2^6 (x,z,y)=(1,3,6) lift=x v(F)=6 v(F')=2 PASS
lean_E26b1 d= 13 row=3 mod=13^2 (x,z,y)=(1,21,0) lift=x v(F)=4 v(F')=1 PASS
lean_E26b1 d= 13 row=4 mod=2^6 (x,z,y)=(1,0,7) lift=x v(F)=7 v(F')=2 PASS
lean_E26b1 d= 13 row=4 mod=13^2 (x,z,y)=(1,3,0) lift=x v(F)=exact v(F')=1 PASS
lean_E26b1 d= 13 row=5 mod=2^6 (x,z,y)=(0,1,0) lift=x v(F)=exact v(F')=0 PASS
lean_E26b1 d= 13 row=5 mod=13^2 (x,z,y)=(0,1,0) lift=x v(F)=exact v(F')=1 PASS
lean_E26b1 d=-13 row=0 mod=2^6 (x,z,y)=(1,5,6) lift=x v(F)=12 v(F')=4 PASS
lean_E26b1 d=-13 row=0 mod=13^2 (x,z,y)=(1,61,0) lift=x v(F)=3 v(F')=1 PASS
lean_E26b1 d=-13 row=1 mod=2^6 (x,z,y)=(0,1,4) lift=x v(F)=6 v(F')=1 PASS
lean_E26b1 d=-13 row=1 mod=13^2 (x,z,y)=(1,59,0) lift=x v(F)=3 v(F')=1 PASS
lean_E26b1 d=-13 row=2 mod=2^6 (x,z,y)=(1,1,0) lift=x v(F)=exact v(F')=4 PASS
lean_E26b1 d=-13 row=2 mod=13^2 (x,z,y)=(1,1,0) lift=x v(F)=exact v(F')=0 PASS
lean_E26b1 d=-13 row=3 mod=2^6 (x,z,y)=(1,5,8) lift=y v(F)=9 v(F')=4 PASS
lean_E26b1 d=-13 row=3 mod=13^2 (x,z,y)=(1,21,0) lift=x v(F)=4 v(F')=1 PASS
lean_E26b1 d=-13 row=4 mod=2^6 (x,z,y)=(1,3,0) lift=x v(F)=exact v(F')=3 PASS
lean_E26b1 d=-13 row=4 mod=13^2 (x,z,y)=(1,3,0) lift=x v(F)=exact v(F')=1 PASS
lean_E26b1 d=-13 row=5 mod=2^6 (x,z,y)=(0,1,0) lift=x v(F)=exact v(F')=0 PASS
lean_E26b1 d=-13 row=5 mod=13^2 (x,z,y)=(0,1,0) lift=x v(F)=exact v(F')=1 PASS
lean_E26b1 d= 26 row=0 mod=2^6 (x,z,y)=(1,3,4) lift=x v(F)=6 v(F')=2 PASS
lean_E26b1 d= 26 row=0 mod=13^2 (x,z,y)=(1,3,58) lift=x v(F)=3 v(F')=1 PASS
lean_E26b1 d= 26 row=1 mod=2^6 (x,z,y)=(2,1,0) lift=x v(F)=exact v(F')=1 PASS
lean_E26b1 d= 26 row=1 mod=13^2 (x,z,y)=(1,6,61) lift=x v(F)=3 v(F')=1 PASS
lean_E26b1 d= 26 row=2 mod=2^6 (x,z,y)=(1,1,0) lift=x v(F)=exact v(F')=4 PASS
lean_E26b1 d= 26 row=2 mod=13^2 (x,z,y)=(0,1,5) lift=x v(F)=2 v(F')=0 PASS
lean_E26b1 d= 26 row=3 mod=2^6 (x,z,y)=(1,13,0) lift=x v(F)=10 v(F')=4 PASS
lean_E26b1 d= 26 row=3 mod=13^2 (x,z,y)=(1,3,18) lift=x v(F)=3 v(F')=1 PASS
lean_E26b1 d= 26 row=4 mod=2^6 (x,z,y)=(1,3,0) lift=x v(F)=exact v(F')=3 PASS
lean_E26b1 d= 26 row=4 mod=13^2 (x,z,y)=(1,3,0) lift=x v(F)=exact v(F')=1 PASS
lean_E26b1 d= 26 row=5 mod=2^6 (x,z,y)=(0,1,0) lift=x v(F)=exact v(F')=0 PASS
lean_E26b1 d= 26 row=5 mod=13^2 (x,z,y)=(0,1,0) lift=x v(F)=exact v(F')=1 PASS
lean_E26b1 d=-26 row=0 mod=2^6 (x,z,y)=(1,3,4) lift=x v(F)=exact v(F')=2 PASS
lean_E26b1 d=-26 row=0 mod=13^2 (x,z,y)=(1,3,4) lift=x v(F)=exact v(F')=1 PASS
lean_E26b1 d=-26 row=1 mod=2^6 (x,z,y)=(1,3,24) lift=x v(F)=11 v(F')=5 PASS
lean_E26b1 d=-26 row=1 mod=13^2 (x,z,y)=(1,6,45) lift=x v(F)=3 v(F')=1 PASS
lean_E26b1 d=-26 row=2 mod=2^6 (x,z,y)=(0,1,1) lift=x v(F)=exact v(F')=2 PASS
lean_E26b1 d=-26 row=2 mod=13^2 (x,z,y)=(0,1,1) lift=x v(F)=exact v(F')=0 PASS
lean_E26b1 d=-26 row=3 mod=2^6 (x,z,y)=(0,1,5) lift=x v(F)=7 v(F')=2 PASS
lean_E26b1 d=-26 row=3 mod=13^2 (x,z,y)=(1,3,77) lift=x v(F)=3 v(F')=1 PASS
lean_E26b1 d=-26 row=4 mod=2^6 (x,z,y)=(1,3,0) lift=x v(F)=exact v(F')=3 PASS
lean_E26b1 d=-26 row=4 mod=13^2 (x,z,y)=(1,3,0) lift=x v(F)=exact v(F')=1 PASS
lean_E26b1 d=-26 row=5 mod=2^6 (x,z,y)=(0,1,0) lift=x v(F)=exact v(F')=0 PASS
lean_E26b1 d=-26 row=5 mod=13^2 (x,z,y)=(0,1,0) lift=x v(F)=exact v(F')=1 PASS

BOUNDARY: PASS verifies the strong Hensel hypotheses and hence a Q_p point.
It is not a covering-completeness, Selmer, or rank proof.
Run sagemath/reproduce_level26_descent.sage separately for Sage/mwrank.
