{"log":
 [{"message":
   ".> LEAN_PATH=././.lake/packages/Cli/.lake/build/lib:././.lake/packages/batteries/.lake/build/lib:././.lake/packages/Qq/.lake/build/lib:././.lake/packages/aesop/.lake/build/lib:././.lake/packages/proofwidgets/.lake/build/lib:././.lake/packages/importGraph/.lake/build/lib:././.lake/packages/LeanSearchClient/.lake/build/lib:././.lake/packages/plausible/.lake/build/lib:././.lake/packages/mathlib/.lake/build/lib:././.lake/build/lib LD_LIBRARY_PATH= /home/runner/.elan/toolchains/leanprover--lean4---v4.15.0/bin/lean ./././lean/Beal/Galois/07e_MultOne.lean -R ./././lean -o ././.lake/build/lib/Beal/Galois/07e_MultOne.olean -i ././.lake/build/lib/Beal/Galois/07e_MultOne.ilean -c ././.lake/build/ir/Beal/Galois/07e_MultOne.c --json",
   "level": "trace"},
  {"message":
   "./././lean/Beal/Galois/07e_MultOne.lean:108:0: 'Beal.Galois.IsLocalizedAtMaximalIdeal' depends on axioms: [propext, Quot.sound]",
   "level": "info"},
  {"message":
   "./././lean/Beal/Galois/07e_MultOne.lean:109:0: 'Beal.Galois.LocalizedHeckeData' depends on axioms: [propext, Quot.sound]",
   "level": "info"},
  {"message":
   "./././lean/Beal/Galois/07e_MultOne.lean:110:0: 'Beal.Galois.LocalizedHeckeAlgebra' depends on axioms: [propext, Quot.sound]",
   "level": "info"},
  {"message":
   "./././lean/Beal/Galois/07e_MultOne.lean:111:0: 'Beal.Galois.NewLocalizedAtMaximalIdeal' depends on axioms: [propext, Quot.sound]",
   "level": "info"},
  {"message":
   "./././lean/Beal/Galois/07e_MultOne.lean:112:0: 'Beal.Galois.IsFreeRankOne' depends on axioms: [propext, Quot.sound]",
   "level": "info"},
  {"message":
   "./././lean/Beal/Galois/07e_MultOne.lean:113:0: 'Beal.Galois.MultiplicityOne' depends on axioms: [propext, Quot.sound]",
   "level": "info"}],
 "depHash": "320858639744531371"}