{"log":
 [{"message":
   ".> LEAN_PATH=././.lake/packages/batteries/.lake/build/lib:././.lake/packages/Qq/.lake/build/lib:././.lake/packages/aesop/.lake/build/lib:././.lake/packages/proofwidgets/.lake/build/lib:././.lake/packages/Cli/.lake/build/lib:././.lake/packages/importGraph/.lake/build/lib:././.lake/packages/LeanSearchClient/.lake/build/lib:././.lake/packages/mathlib/.lake/build/lib:././.lake/build/lib LD_LIBRARY_PATH= /home/runner/.elan/toolchains/leanprover--lean4---v4.12.0/bin/lean ./././lean/Beal/ArakelovRH/DesertBrothers/JitterRealBridge.lean -R ./././lean -o ././.lake/build/lib/Beal/ArakelovRH/DesertBrothers/JitterRealBridge.olean -i ././.lake/build/lib/Beal/ArakelovRH/DesertBrothers/JitterRealBridge.ilean -c ././.lake/build/ir/Beal/ArakelovRH/DesertBrothers/JitterRealBridge.c --json",
   "level": "trace"},
  {"message":
   "./././lean/Beal/ArakelovRH/DesertBrothers/JitterRealBridge.lean:132:0: Beal.ArakelovRH.DesertBrothers.fixedPointAlpha0 : ℝ",
   "level": "info"},
  {"message":
   "./././lean/Beal/ArakelovRH/DesertBrothers/JitterRealBridge.lean:133:0: Beal.ArakelovRH.DesertBrothers.fixedPointNearestIntegerDistance (p : ℕ) : ℝ",
   "level": "info"},
  {"message":
   "./././lean/Beal/ArakelovRH/DesertBrothers/JitterRealBridge.lean:134:0: 'Beal.ArakelovRH.DesertBrothers.fixedPointNearestIntegerDistance_eq_scaled' depends on axioms: [propext,\n Classical.choice,\n Quot.sound]",
   "level": "info"},
  {"message":
   "./././lean/Beal/ArakelovRH/DesertBrothers/JitterRealBridge.lean:135:0: 'Beal.ArakelovRH.DesertBrothers.realJitter_of_fixedPoint' depends on axioms: [propext, Classical.choice, Quot.sound]",
   "level": "info"},
  {"message":
   "./././lean/Beal/ArakelovRH/DesertBrothers/JitterRealBridge.lean:136:0: 'Beal.ArakelovRH.DesertBrothers.EutheosJitter' does not depend on any axioms",
   "level": "info"}],
 "depHash": "2675809050675877321"}