{"log":
 [{"message":
   ".> LEAN_PATH=././.lake/packages/batteries/.lake/build/lib:././.lake/packages/Qq/.lake/build/lib:././.lake/packages/aesop/.lake/build/lib:././.lake/packages/proofwidgets/.lake/build/lib:././.lake/packages/Cli/.lake/build/lib:././.lake/packages/importGraph/.lake/build/lib:././.lake/packages/LeanSearchClient/.lake/build/lib:././.lake/packages/mathlib/.lake/build/lib:././.lake/build/lib LD_LIBRARY_PATH= /home/runner/.elan/toolchains/leanprover--lean4---v4.12.0/bin/lean -Dpp.unicode.fun=true -DautoImplicit=false -Dweak.linter.docPrime=true -Dweak.linter.hashCommand=true -Dweak.linter.oldObtain=true -Dweak.linter.refine=true -Dweak.linter.style.cdot=true -Dweak.linter.style.dollarSyntax=true -Dweak.linter.style.lambdaSyntax=true -Dweak.linter.style.longLine=true -Dweak.linter.style.longFile=1500 -Dweak.linter.style.missingEnd=true -Dweak.linter.style.setOption=true ././.lake/packages/mathlib/././Mathlib/Data/Option/Basic.lean -R ././.lake/packages/mathlib/./. -o ././.lake/packages/mathlib/.lake/build/lib/Mathlib/Data/Option/Basic.olean -i ././.lake/packages/mathlib/.lake/build/lib/Mathlib/Data/Option/Basic.ilean -c ././.lake/packages/mathlib/.lake/build/ir/Mathlib/Data/Option/Basic.c --json",
   "level": "trace"},
  {"message":
   "././.lake/packages/mathlib/././Mathlib/Data/Option/Basic.lean:80:8: `Option.none_bind'` is missing a doc-string, please add one.\nDeclarations whose name ends with a `'` are expected to contain an explanation for the presence of a `'` in their doc-string. This may consist of discussion of the difference relative to the unprimed version, or an explanation as to why no better naming scheme is possible.\nnote: this linter can be disabled with `set_option linter.docPrime false`",
   "level": "warning"},
  {"message":
   "././.lake/packages/mathlib/././Mathlib/Data/Option/Basic.lean:84:8: `Option.some_bind'` is missing a doc-string, please add one.\nDeclarations whose name ends with a `'` are expected to contain an explanation for the presence of a `'` in their doc-string. This may consist of discussion of the difference relative to the unprimed version, or an explanation as to why no better naming scheme is possible.\nnote: this linter can be disabled with `set_option linter.docPrime false`",
   "level": "warning"},
  {"message":
   "././.lake/packages/mathlib/././Mathlib/Data/Option/Basic.lean:87:8: `Option.bind_eq_some'` is missing a doc-string, please add one.\nDeclarations whose name ends with a `'` are expected to contain an explanation for the presence of a `'` in their doc-string. This may consist of discussion of the difference relative to the unprimed version, or an explanation as to why no better naming scheme is possible.\nnote: this linter can be disabled with `set_option linter.docPrime false`",
   "level": "warning"},
  {"message":
   "././.lake/packages/mathlib/././Mathlib/Data/Option/Basic.lean:96:8: `Option.bind_congr'` is missing a doc-string, please add one.\nDeclarations whose name ends with a `'` are expected to contain an explanation for the presence of a `'` in their doc-string. This may consist of discussion of the difference relative to the unprimed version, or an explanation as to why no better naming scheme is possible.\nnote: this linter can be disabled with `set_option linter.docPrime false`",
   "level": "warning"},
  {"message":
   "././.lake/packages/mathlib/././Mathlib/Data/Option/Basic.lean:103:8: `Option.bind_eq_bind'` is missing a doc-string, please add one.\nDeclarations whose name ends with a `'` are expected to contain an explanation for the presence of a `'` in their doc-string. This may consist of discussion of the difference relative to the unprimed version, or an explanation as to why no better naming scheme is possible.\nnote: this linter can be disabled with `set_option linter.docPrime false`",
   "level": "warning"},
  {"message":
   "././.lake/packages/mathlib/././Mathlib/Data/Option/Basic.lean:110:8: `Option.map_coe'` is missing a doc-string, please add one.\nDeclarations whose name ends with a `'` are expected to contain an explanation for the presence of a `'` in their doc-string. This may consist of discussion of the difference relative to the unprimed version, or an explanation as to why no better naming scheme is possible.\nnote: this linter can be disabled with `set_option linter.docPrime false`",
   "level": "warning"},
  {"message":
   "././.lake/packages/mathlib/././Mathlib/Data/Option/Basic.lean:144:8: `Option.map_bind'` is missing a doc-string, please add one.\nDeclarations whose name ends with a `'` are expected to contain an explanation for the presence of a `'` in their doc-string. This may consist of discussion of the difference relative to the unprimed version, or an explanation as to why no better naming scheme is possible.\nnote: this linter can be disabled with `set_option linter.docPrime false`",
   "level": "warning"},
  {"message":
   "././.lake/packages/mathlib/././Mathlib/Data/Option/Basic.lean:242:8: `Option.some_orElse'` is missing a doc-string, please add one.\nDeclarations whose name ends with a `'` are expected to contain an explanation for the presence of a `'` in their doc-string. This may consist of discussion of the difference relative to the unprimed version, or an explanation as to why no better naming scheme is possible.\nnote: this linter can be disabled with `set_option linter.docPrime false`",
   "level": "warning"},
  {"message":
   "././.lake/packages/mathlib/././Mathlib/Data/Option/Basic.lean:246:8: `Option.none_orElse'` is missing a doc-string, please add one.\nDeclarations whose name ends with a `'` are expected to contain an explanation for the presence of a `'` in their doc-string. This may consist of discussion of the difference relative to the unprimed version, or an explanation as to why no better naming scheme is possible.\nnote: this linter can be disabled with `set_option linter.docPrime false`",
   "level": "warning"},
  {"message":
   "././.lake/packages/mathlib/././Mathlib/Data/Option/Basic.lean:249:8: `Option.orElse_none'` is missing a doc-string, please add one.\nDeclarations whose name ends with a `'` are expected to contain an explanation for the presence of a `'` in their doc-string. This may consist of discussion of the difference relative to the unprimed version, or an explanation as to why no better naming scheme is possible.\nnote: this linter can be disabled with `set_option linter.docPrime false`",
   "level": "warning"},
  {"message":
   "././.lake/packages/mathlib/././Mathlib/Data/Option/Basic.lean:264:8: `Option.guard_eq_some'` is missing a doc-string, please add one.\nDeclarations whose name ends with a `'` are expected to contain an explanation for the presence of a `'` in their doc-string. This may consist of discussion of the difference relative to the unprimed version, or an explanation as to why no better naming scheme is possible.\nnote: this linter can be disabled with `set_option linter.docPrime false`",
   "level": "warning"},
  {"message":
   "././.lake/packages/mathlib/././Mathlib/Data/Option/Basic.lean:311:8: `Option.orElse_eq_some'` is missing a doc-string, please add one.\nDeclarations whose name ends with a `'` are expected to contain an explanation for the presence of a `'` in their doc-string. This may consist of discussion of the difference relative to the unprimed version, or an explanation as to why no better naming scheme is possible.\nnote: this linter can be disabled with `set_option linter.docPrime false`",
   "level": "warning"},
  {"message":
   "././.lake/packages/mathlib/././Mathlib/Data/Option/Basic.lean:322:8: `Option.orElse_eq_none'` is missing a doc-string, please add one.\nDeclarations whose name ends with a `'` are expected to contain an explanation for the presence of a `'` in their doc-string. This may consist of discussion of the difference relative to the unprimed version, or an explanation as to why no better naming scheme is possible.\nnote: this linter can be disabled with `set_option linter.docPrime false`",
   "level": "warning"}],
 "depHash": "16212320968578817874"}