{"log":
 [{"message":
   ".> LEAN_PATH=././.lake/packages/batteries/.lake/build/lib:././.lake/packages/Qq/.lake/build/lib:././.lake/packages/aesop/.lake/build/lib:././.lake/packages/proofwidgets/.lake/build/lib:././.lake/packages/Cli/.lake/build/lib:././.lake/packages/importGraph/.lake/build/lib:././.lake/packages/LeanSearchClient/.lake/build/lib:././.lake/packages/mathlib/.lake/build/lib:././.lake/build/lib LD_LIBRARY_PATH= /home/runner/.elan/toolchains/leanprover--lean4---v4.12.0/bin/lean ./././lean/Beal/Galois/06_MaximalIdeal.lean -R ./././lean -o ././.lake/build/lib/Beal/Galois/06_MaximalIdeal.olean -i ././.lake/build/lib/Beal/Galois/06_MaximalIdeal.ilean -c ././.lake/build/ir/Beal/Galois/06_MaximalIdeal.c --json",
   "level": "trace"},
  {"message":
   "./././lean/Beal/Galois/06_MaximalIdeal.lean:219:0: 'Beal.Galois.HeckeIdealLike' depends on axioms: [propext, Quot.sound]",
   "level": "info"},
  {"message":
   "./././lean/Beal/Galois/06_MaximalIdeal.lean:220:0: 'Beal.Galois.IsMaximalIdeal' depends on axioms: [propext, Quot.sound]",
   "level": "info"},
  {"message":
   "./././lean/Beal/Galois/06_MaximalIdeal.lean:221:0: 'Beal.Galois.MaximalIdeal' depends on axioms: [propext, Quot.sound]",
   "level": "info"},
  {"message":
   "./././lean/Beal/Galois/06_MaximalIdeal.lean:222:0: 'Beal.Galois.ResidueFieldData' depends on axioms: [propext, Quot.sound]",
   "level": "info"},
  {"message":
   "./././lean/Beal/Galois/06_MaximalIdeal.lean:223:0: 'Beal.Galois.ResidueFieldIsZMod' depends on axioms: [propext, Quot.sound]",
   "level": "info"},
  {"message":
   "./././lean/Beal/Galois/06_MaximalIdeal.lean:224:0: 'Beal.Galois.HeckeIdealLike.IsMaximal' depends on axioms: [propext, Quot.sound]",
   "level": "info"},
  {"message":
   "./././lean/Beal/Galois/06_MaximalIdeal.lean:225:0: 'Beal.Galois.FreyHeckeAttachment' depends on axioms: [propext, Quot.sound]",
   "level": "info"},
  {"message":
   "./././lean/Beal/Galois/06_MaximalIdeal.lean:226:0: 'Beal.Galois.MaximalIdealAttachedToRep' depends on axioms: [propext, Quot.sound]",
   "level": "info"},
  {"message":
   "./././lean/Beal/Galois/06_MaximalIdeal.lean:227:0: 'Beal.Galois.HeckeIdealAnnihilatesForm' depends on axioms: [propext, Quot.sound]",
   "level": "info"},
  {"message":
   "./././lean/Beal/Galois/06_MaximalIdeal.lean:228:0: 'Beal.Galois.IsSupportedInNewSubspace' depends on axioms: [propext, Quot.sound]",
   "level": "info"},
  {"message":
   "./././lean/Beal/Galois/06_MaximalIdeal.lean:229:0: 'Beal.Galois.frey_unramified_implies_maximalIdeal_support' depends on axioms: [propext, Quot.sound]",
   "level": "info"}],
 "depHash": "11783602339979923649"}