{"log":
 [{"message":
   ".> LEAN_PATH=././.lake/packages/batteries/.lake/build/lib:././.lake/packages/Qq/.lake/build/lib:././.lake/packages/aesop/.lake/build/lib:././.lake/packages/proofwidgets/.lake/build/lib:././.lake/packages/Cli/.lake/build/lib:././.lake/packages/importGraph/.lake/build/lib:././.lake/packages/LeanSearchClient/.lake/build/lib:././.lake/packages/mathlib/.lake/build/lib:././.lake/build/lib LD_LIBRARY_PATH= /home/runner/.elan/toolchains/leanprover--lean4---v4.12.0/bin/lean ./././lean/Beal/Galois/07g_IharaOnV.lean -R ./././lean -o ././.lake/build/lib/Beal/Galois/07g_IharaOnV.olean -i ././.lake/build/lib/Beal/Galois/07g_IharaOnV.ilean -c ././.lake/build/ir/Beal/Galois/07g_IharaOnV.c --json",
   "level": "trace"},
  {"message":
   "./././lean/Beal/Galois/07g_IharaOnV.lean:113:0: 'Beal.Galois.IharaPairIn' depends on axioms: [propext, Quot.sound]",
   "level": "info"},
  {"message":
   "./././lean/Beal/Galois/07g_IharaOnV.lean:114:0: 'Beal.Galois.IharaKernelZeroOnV' depends on axioms: [propext, Quot.sound]",
   "level": "info"},
  {"message":
   "./././lean/Beal/Galois/07g_IharaOnV.lean:115:0: 'Beal.Galois.IsGenuineFormSubmoduleAtLevel' depends on axioms: [propext, Quot.sound]",
   "level": "info"},
  {"message":
   "./././lean/Beal/Galois/07g_IharaOnV.lean:116:0: 'Beal.Galois.QExpansionPrincipleOnV' depends on axioms: [propext, Quot.sound]",
   "level": "info"},
  {"message":
   "./././lean/Beal/Galois/07g_IharaOnV.lean:117:0: 'Beal.Galois.rawIharaCounterexample' depends on axioms: [propext, Quot.sound]",
   "level": "info"},
  {"message":
   "./././lean/Beal/Galois/07g_IharaOnV.lean:118:0: 'Beal.Galois.rawIharaCounterexample_in_kernel' depends on axioms: [propext, Quot.sound]",
   "level": "info"},
  {"message":
   "./././lean/Beal/Galois/07g_IharaOnV.lean:119:0: 'Beal.Galois.rawIharaCounterexample_not_in_genuine_domain' depends on axioms: [propext, Quot.sound]",
   "level": "info"},
  {"message":
   "./././lean/Beal/Galois/07g_IharaOnV.lean:120:0: 'Beal.Galois.ihara_zero_on_genuine_V_conditional' depends on axioms: [propext, Quot.sound]",
   "level": "info"}],
 "depHash": "3887395378138023986"}