{"log":
 [{"message":
   ".> LEAN_PATH=././.lake/packages/batteries/.lake/build/lib:././.lake/packages/Qq/.lake/build/lib:././.lake/packages/aesop/.lake/build/lib:././.lake/packages/proofwidgets/.lake/build/lib:././.lake/packages/Cli/.lake/build/lib:././.lake/packages/importGraph/.lake/build/lib:././.lake/packages/LeanSearchClient/.lake/build/lib:././.lake/packages/mathlib/.lake/build/lib:././.lake/build/lib LD_LIBRARY_PATH= /home/runner/.elan/toolchains/leanprover--lean4---v4.12.0/bin/lean ./././lean/Beal/Galois/07h_DesertInfra.lean -R ./././lean -o ././.lake/build/lib/Beal/Galois/07h_DesertInfra.olean -i ././.lake/build/lib/Beal/Galois/07h_DesertInfra.ilean -c ././.lake/build/ir/Beal/Galois/07h_DesertInfra.c --json",
   "level": "trace"},
  {"message":
   "./././lean/Beal/Galois/07h_DesertInfra.lean:48:0: Beal.ArakelovRH.DesertBrothers.EutheosJitter (p : ℕ) : Type",
   "level": "info"},
  {"message":
   "./././lean/Beal/Galois/07h_DesertInfra.lean:49:0: Beal.ArakelovRH.DesertBrothers.realJitter_of_fixedPoint {p : ℕ} (j : ArakelovRH.DesertBrothers.EutheosJitter p) :\n  ArakelovRH.DesertBrothers.fixedPointNearestIntegerDistance p < 1 / ↑p",
   "level": "info"},
  {"message":
   "./././lean/Beal/Galois/07h_DesertInfra.lean:50:0: Beal.ArakelovRH.DesertBrothers.brothers1419_anchor : 1419 ∈ ArakelovRH.DesertBrothers.brothers1419",
   "level": "info"},
  {"message":
   "./././lean/Beal/Galois/07h_DesertInfra.lean:51:0: 'Beal.Galois.EutheosComplementSketch' depends on axioms: [propext, Quot.sound]",
   "level": "info"},
  {"message":
   "./././lean/Beal/Galois/07h_DesertInfra.lean:52:0: 'Beal.Galois.OldNewDecompHyp_from_EutheosSketch' depends on axioms: [propext, Quot.sound]",
   "level": "info"}],
 "depHash": "14080128089637678388"}