{"log":
 [{"message":
   ".> LEAN_PATH=././.lake/packages/batteries/.lake/build/lib:././.lake/packages/Qq/.lake/build/lib:././.lake/packages/aesop/.lake/build/lib:././.lake/packages/proofwidgets/.lake/build/lib:././.lake/packages/Cli/.lake/build/lib:././.lake/packages/importGraph/.lake/build/lib:././.lake/packages/LeanSearchClient/.lake/build/lib:././.lake/packages/mathlib/.lake/build/lib:././.lake/build/lib LD_LIBRARY_PATH= /home/runner/.elan/toolchains/leanprover--lean4---v4.12.0/bin/lean ./././lean/Beal/Galois/07h_EutheosGeometry.lean -R ./././lean -o ././.lake/build/lib/Beal/Galois/07h_EutheosGeometry.olean -i ././.lake/build/lib/Beal/Galois/07h_EutheosGeometry.ilean -c ././.lake/build/ir/Beal/Galois/07h_EutheosGeometry.c --json",
   "level": "trace"},
  {"message":
   "./././lean/Beal/Galois/07h_EutheosGeometry.lean:81:6: unused variable `j`\nnote: this linter can be disabled with `set_option linter.unusedVariables false`",
   "level": "warning"},
  {"message":
   "./././lean/Beal/Galois/07h_EutheosGeometry.lean:136:0: 'Beal.Galois.EutheosGeometryInterface' depends on axioms: [propext, Quot.sound]",
   "level": "info"},
  {"message":
   "./././lean/Beal/Galois/07h_EutheosGeometry.lean:137:0: 'Beal.Galois.separation_kernel' depends on axioms: [propext, Quot.sound]",
   "level": "info"},
  {"message":
   "./././lean/Beal/Galois/07h_EutheosGeometry.lean:138:0: 'Beal.Galois.internalDirectSum_of_Eutheos' depends on axioms: [propext, Quot.sound]",
   "level": "info"},
  {"message":
   "./././lean/Beal/Galois/07h_EutheosGeometry.lean:139:0: 'Beal.Galois.OldNewDecompHyp_from_Eutheos' depends on axioms: [propext, Quot.sound]",
   "level": "info"}],
 "depHash": "8129497863226943861"}