{"log":
 [{"message":
   ".> LEAN_PATH=././.lake/packages/batteries/.lake/build/lib:././.lake/packages/Qq/.lake/build/lib:././.lake/packages/aesop/.lake/build/lib:././.lake/packages/proofwidgets/.lake/build/lib:././.lake/packages/Cli/.lake/build/lib:././.lake/packages/importGraph/.lake/build/lib:././.lake/packages/LeanSearchClient/.lake/build/lib:././.lake/packages/mathlib/.lake/build/lib:././.lake/build/lib LD_LIBRARY_PATH= /home/runner/.elan/toolchains/leanprover--lean4---v4.12.0/bin/lean ./././lean/Beal/Galois/07k_TokenBridge.lean -R ./././lean -o ././.lake/build/lib/Beal/Galois/07k_TokenBridge.olean -i ././.lake/build/lib/Beal/Galois/07k_TokenBridge.ilean -c ././.lake/build/ir/Beal/Galois/07k_TokenBridge.c --json",
   "level": "trace"},
  {"message":
   "./././lean/Beal/Galois/07k_TokenBridge.lean:148:7: unused variable `p`\nnote: this linter can be disabled with `set_option linter.unusedVariables false`",
   "level": "warning"},
  {"message":
   "./././lean/Beal/Galois/07k_TokenBridge.lean:183:0: 'Beal.Galois.SupportedNewformToTokenProvider' depends on axioms: [propext, Quot.sound]",
   "level": "info"},
  {"message":
   "./././lean/Beal/Galois/07k_TokenBridge.lean:184:0: 'Beal.Galois.NewformHeckeToPreservedTokenTransport' depends on axioms: [propext, Quot.sound]",
   "level": "info"},
  {"message":
   "./././lean/Beal/Galois/07k_TokenBridge.lean:185:0: 'Beal.Galois.NewSubspaceSupportData' depends on axioms: [propext, Quot.sound]",
   "level": "info"},
  {"message":
   "./././lean/Beal/Galois/07k_TokenBridge.lean:186:0: 'Beal.Galois.NewSubspaceSupportData.toSupportInNewSubspace' depends on axioms: [propext, Quot.sound]",
   "level": "info"},
  {"message":
   "./././lean/Beal/Galois/07k_TokenBridge.lean:187:0: 'Beal.Galois.preservedToken_of_supportData' depends on axioms: [propext, Quot.sound]",
   "level": "info"},
  {"message":
   "./././lean/Beal/Galois/07k_TokenBridge.lean:188:0: 'Beal.Galois.SupportedNewformToPreservedToken' depends on axioms: [propext, Quot.sound]",
   "level": "info"},
  {"message":
   "./././lean/Beal/Galois/07k_TokenBridge.lean:189:0: 'Beal.Galois.GaloisToRibetBridge' depends on axioms: [propext, Quot.sound]",
   "level": "info"},
  {"message":
   "./././lean/Beal/Galois/07k_TokenBridge.lean:190:0: 'Beal.Galois.galois_support_to_token_bridge' depends on axioms: [propext, Quot.sound]",
   "level": "info"},
  {"message":
   "./././lean/Beal/Galois/07k_TokenBridge.lean:191:0: 'Beal.Galois.galois_support_to_token_bridge_proof' depends on axioms: [propext, Quot.sound]",
   "level": "info"}],
 "depHash": "18241099161007606904"}